Archive member included because of file (symbol)

/usr/lib/gcc/avr/4.4.3/avr6/libgcc.a(_mulsi3.o)
                              ./src/uCOSII/os_time.o (__mulsi3)
/usr/lib/gcc/avr/4.4.3/avr6/libgcc.a(_divmodhi4.o)
                              ./src/app/lego_interface/lego_interface.o (__divmodhi4)
/usr/lib/gcc/avr/4.4.3/avr6/libgcc.a(_udivmodsi4.o)
                              ./src/uCOSII/os_time.o (__udivmodsi4)
/usr/lib/gcc/avr/4.4.3/avr6/libgcc.a(_exit.o)
                              /usr/lib/gcc/avr/4.4.3/../../../../avr/lib/avr6/crtm2560.o (exit)
/usr/lib/gcc/avr/4.4.3/avr6/libgcc.a(_clear_bss.o)
                              ./src/uCOSII_port/os_cpu_c.o (__do_clear_bss)
/usr/lib/gcc/avr/4.4.3/avr6/libgcc.a(_udivmodhi4.o)
                              /usr/lib/gcc/avr/4.4.3/avr6/libgcc.a(_divmodhi4.o) (__udivmodhi4)

Allocating common symbols
Common symbol       size              file

OSTmrFreeList       0x2               ./src/uCOSII/os_core.o
OSTmrWheelTbl       0x20              ./src/uCOSII/os_core.o
OSLockNesting       0x1               ./src/uCOSII/os_core.o
OSTmrSemSignal      0x2               ./src/uCOSII/os_core.o
OSRunning           0x1               ./src/uCOSII/os_core.o
OSTaskStkSize       0x2               ./src/uCOSII_port/os_cpu_c.o
OSIdleCtr           0x4               ./src/uCOSII/os_core.o
OSTmrUsed           0x2               ./src/uCOSII/os_core.o
OSPrioHighRdy       0x1               ./src/uCOSII/os_core.o
OSTmrTbl            0x270             ./src/uCOSII/os_core.o
OSPrioCur           0x1               ./src/uCOSII/os_core.o
OSTCBList           0x2               ./src/uCOSII/os_core.o
OSCtxSwCtr          0x4               ./src/uCOSII/os_core.o
OSTmrFree           0x2               ./src/uCOSII/os_core.o
OSTCBFreeList       0x2               ./src/uCOSII/os_core.o
AppTask1Stk         0xf0              ./src/app/app.o
OSTaskCtr           0x1               ./src/uCOSII/os_core.o
OSTCBHighRdy        0x2               ./src/uCOSII/os_core.o
OSRdyGrp            0x1               ./src/uCOSII/os_core.o
OSRdyTbl            0x2               ./src/uCOSII/os_core.o
OSTmrTaskStk        0xaf              ./src/uCOSII/os_core.o
AppTaskStartStk     0xf0              ./src/app/app.o
OSEventFreeList     0x2               ./src/uCOSII/os_core.o
OSIntNesting        0x1               ./src/uCOSII/os_core.o
OSTCBCur            0x2               ./src/uCOSII/os_core.o
a_sem               0x2               ./src/app/app.o
OSTmrTime           0x4               ./src/uCOSII/os_core.o
OSTime              0x4               ./src/uCOSII/os_core.o
AppTask2Stk         0xf0              ./src/app/app.o
OSTmrSem            0x2               ./src/uCOSII/os_core.o
OSTaskIdleStk       0xaf              ./src/uCOSII/os_core.o
OSEventTbl          0xf0              ./src/uCOSII/os_core.o
OSTCBTbl            0x1f8             ./src/uCOSII/os_core.o
OSTCBPrioTbl        0x16              ./src/uCOSII/os_core.o

Memory Configuration

Name             Origin             Length             Attributes
text             0x00000000         0x00100000         xr
data             0x00800200         0x0000fe00         rw !x
eeprom           0x00810000         0x00010000         rw !x
*default*        0x00000000         0xffffffff

Linker script and memory map

Address of section .data set to 0x800200
LOAD /usr/lib/gcc/avr/4.4.3/../../../../avr/lib/avr6/crtm2560.o
LOAD ./src/uCOSII_port/os_cpu_a.o
LOAD ./src/uCOSII_port/os_cpu_c.o
LOAD ./src/uCOSII_port/os_cpu_i.o
LOAD ./src/uCOSII_port/os_dbg.o
LOAD ./src/uCOSII/os_core.o
LOAD ./src/uCOSII/os_dbg_r.o
LOAD ./src/uCOSII/os_flag.o
LOAD ./src/uCOSII/os_mbox.o
LOAD ./src/uCOSII/os_mem.o
LOAD ./src/uCOSII/os_mutex.o
LOAD ./src/uCOSII/os_q.o
LOAD ./src/uCOSII/os_sem.o
LOAD ./src/uCOSII/os_task.o
LOAD ./src/uCOSII/os_time.o
LOAD ./src/uCOSII/os_tmr.o
LOAD ./src/uCOSII/ucos_ii.o
LOAD ./src/app/lego_interface/lego_interface.o
LOAD ./src/app/app.o
LOAD ./src/app/app_isr.o
LOAD ./src/app/BSP/bsp.o
LOAD /usr/lib/gcc/avr/4.4.3/avr6/libgcc.a
LOAD /usr/lib/gcc/avr/4.4.3/../../../../avr/lib/avr6/libc.a
LOAD /usr/lib/gcc/avr/4.4.3/avr6/libgcc.a

.hash
 *(.hash)

.dynsym
 *(.dynsym)

.dynstr
 *(.dynstr)

.gnu.version
 *(.gnu.version)

.gnu.version_d
 *(.gnu.version_d)

.gnu.version_r
 *(.gnu.version_r)

.rel.init
 *(.rel.init)

.rela.init
 *(.rela.init)

.rel.text
 *(.rel.text)
 *(.rel.text.*)
 *(.rel.gnu.linkonce.t*)

.rela.text
 *(.rela.text)
 *(.rela.text.*)
 *(.rela.gnu.linkonce.t*)

.rel.fini
 *(.rel.fini)

.rela.fini
 *(.rela.fini)

.rel.rodata
 *(.rel.rodata)
 *(.rel.rodata.*)
 *(.rel.gnu.linkonce.r*)

.rela.rodata
 *(.rela.rodata)
 *(.rela.rodata.*)
 *(.rela.gnu.linkonce.r*)

.rel.data
 *(.rel.data)
 *(.rel.data.*)
 *(.rel.gnu.linkonce.d*)

.rela.data
 *(.rela.data)
 *(.rela.data.*)
 *(.rela.gnu.linkonce.d*)

.rel.ctors
 *(.rel.ctors)

.rela.ctors
 *(.rela.ctors)

.rel.dtors
 *(.rel.dtors)

.rela.dtors
 *(.rela.dtors)

.rel.got
 *(.rel.got)

.rela.got
 *(.rela.got)

.rel.bss
 *(.rel.bss)

.rela.bss
 *(.rela.bss)

.rel.plt
 *(.rel.plt)

.rela.plt
 *(.rela.plt)

.text           0x00000000     0x817a
 *(.vectors)
 .vectors       0x00000000       0xe4 /usr/lib/gcc/avr/4.4.3/../../../../avr/lib/avr6/crtm2560.o
                0x00000000                __vectors
                0x00000000                __vector_default
 *(.vectors)
 *(.progmem.gcc*)
 *(.progmem*)
 .progmem.data  0x000000e4       0x5c ./src/uCOSII_port/os_dbg.o
                0x000000e4                OSDebugEn
                0x000000e6                OSEndiannessTest
                0x000000ea                OSEventMax
                0x000000ec                OSEventNameSize
                0x000000ee                OSEventEn
                0x000000f0                OSEventSize
                0x000000f2                OSEventTblSize
                0x000000f4                OSFlagEn
                0x000000f6                OSFlagGrpSize
                0x000000f8                OSFlagNodeSize
                0x000000fa                OSFlagWidth
                0x000000fc                OSFlagMax
                0x000000fe                OSFlagNameSize
                0x00000100                OSLowestPrio
                0x00000102                OSMboxEn
                0x00000104                OSMemEn
                0x00000106                OSMemMax
                0x00000108                OSMemNameSize
                0x0000010a                OSMemSize
                0x0000010c                OSMemTblSize
                0x0000010e                OSMutexEn
                0x00000110                OSPtrSize
                0x00000112                OSQEn
                0x00000114                OSQMax
                0x00000116                OSQSize
                0x00000118                OSRdyTblSize
                0x0000011a                OSSemEn
                0x0000011c                OSStkWidth
                0x0000011e                OSTaskCreateEn
                0x00000120                OSTaskCreateExtEn
                0x00000122                OSTaskDelEn
                0x00000124                OSTaskIdleStkSize
                0x00000126                OSTaskProfileEn
                0x00000128                OSTaskMax
                0x0000012a                OSTaskNameSize
                0x0000012c                OSTaskStatEn
                0x0000012e                OSTaskStatStkSize
                0x00000130                OSTaskStatStkChkEn
                0x00000132                OSTaskSwHookEn
                0x00000134                OSTCBPrioTblMax
                0x00000136                OSTCBSize
                0x00000138                OSTicksPerSec
                0x0000013a                OSTimeTickHookEn
                0x0000013c                OSVersionNbr
                0x0000013e                OSDataSize
                0x00000140                . = ALIGN (0x2)
                0x00000140                __trampolines_start = .
 *(.trampolines)
 .trampolines   0x00000140        0x0 linker stubs
 *(.trampolines*)
                0x00000140                __trampolines_end = .
 *(.jumptables)
 *(.jumptables*)
 *(.lowtext)
 *(.lowtext*)
                0x00000140                __ctors_start = .
 *(.ctors)
                0x00000140                __ctors_end = .
                0x00000140                __dtors_start = .
 *(.dtors)
                0x00000140                __dtors_end = .
 SORT(*)(.ctors)
 SORT(*)(.dtors)
 *(.init0)
 .init0         0x00000140        0x0 /usr/lib/gcc/avr/4.4.3/../../../../avr/lib/avr6/crtm2560.o
                0x00000140                __init
 *(.init0)
 *(.init1)
 *(.init1)
 *(.init2)
 .init2         0x00000140       0x10 /usr/lib/gcc/avr/4.4.3/../../../../avr/lib/avr6/crtm2560.o
 *(.init2)
 *(.init3)
 *(.init3)
 *(.init4)
 .init4         0x00000150       0x1a /usr/lib/gcc/avr/4.4.3/../../../../avr/lib/avr6/crtm2560.o
                0x00000150                __do_copy_data
 .init4         0x0000016a       0x10 /usr/lib/gcc/avr/4.4.3/avr6/libgcc.a(_clear_bss.o)
                0x0000016a                __do_clear_bss
 *(.init4)
 *(.init5)
 *(.init5)
 *(.init6)
 *(.init6)
 *(.init7)
 *(.init7)
 *(.init8)
 *(.init8)
 *(.init9)
 .init9         0x0000017a        0x8 /usr/lib/gcc/avr/4.4.3/../../../../avr/lib/avr6/crtm2560.o
 *(.init9)
 *(.text)
 .text          0x00000182        0x4 /usr/lib/gcc/avr/4.4.3/../../../../avr/lib/avr6/crtm2560.o
                0x00000182                __vector_38
                0x00000182                __vector_22
                0x00000182                __vector_28
                0x00000182                __vector_34
                0x00000182                __vector_24
                0x00000182                __vector_12
                0x00000182                __vector_55
                0x00000182                __vector_46
                0x00000182                __bad_interrupt
                0x00000182                __vector_6
                0x00000182                __vector_31
                0x00000182                __vector_35
                0x00000182                __vector_39
                0x00000182                __vector_3
                0x00000182                __vector_23
                0x00000182                __vector_30
                0x00000182                __vector_45
                0x00000182                __vector_25
                0x00000182                __vector_11
                0x00000182                __vector_54
                0x00000182                __vector_13
                0x00000182                __vector_17
                0x00000182                __vector_19
                0x00000182                __vector_56
                0x00000182                __vector_7
                0x00000182                __vector_49
                0x00000182                __vector_41
                0x00000182                __vector_43
                0x00000182                __vector_27
                0x00000182                __vector_5
                0x00000182                __vector_33
                0x00000182                __vector_47
                0x00000182                __vector_52
                0x00000182                __vector_37
                0x00000182                __vector_4
                0x00000182                __vector_44
                0x00000182                __vector_51
                0x00000182                __vector_9
                0x00000182                __vector_2
                0x00000182                __vector_15
                0x00000182                __vector_36
                0x00000182                __vector_40
                0x00000182                __vector_8
                0x00000182                __vector_26
                0x00000182                __vector_48
                0x00000182                __vector_14
                0x00000182                __vector_53
                0x00000182                __vector_10
                0x00000182                __vector_50
                0x00000182                __vector_16
                0x00000182                __vector_18
                0x00000182                __vector_20
                0x00000182                __vector_42
 .text          0x00000186      0x244 ./src/uCOSII_port/os_cpu_a.o
                0x00000186                OS_CPU_SR_Save
                0x0000018c                OS_CPU_SR_Restore
                0x00000190                OSStartHighRdy
                0x000001fa                OSCtxSw
                0x0000030e                OSIntCtxSw
 .text          0x000003ca      0x40e ./src/uCOSII_port/os_cpu_c.o
                0x000003ca                OSInitHookBegin
                0x000003e0                OSInitHookEnd
                0x000003ee                OSTaskCreateHook
                0x00000410                OSTaskDelHook
                0x00000432                OSTaskIdleHook
                0x00000444                OSTaskStatHook
                0x00000456                OSTaskStkInit
                0x00000766                OSTaskSwHook
                0x00000778                OSTCBInitHook
                0x0000079a                OSTimeTickHook
 .text          0x000007d8        0x0 ./src/uCOSII_port/os_cpu_i.o
 .text          0x000007d8      0x17e ./src/uCOSII_port/os_dbg.o
                0x000007d8                OSDebugInit
 .text          0x00000956      0xfee ./src/uCOSII/os_core.o
                0x00000956                OSEventNameGet
                0x000009ee                OSEventNameSet
                0x00000a9e                OSInit
                0x00000ad0                OSIntEnter
                0x00000af8                OSIntExit
                0x00000bc0                OSSchedLock
                0x00000c02                OSSchedUnlock
                0x00000c68                OSStart
                0x00000cbc                OSTimeTick
                0x00000e18                OSVersion
                0x00000e2a                OS_EventTaskRdy
                0x00000f46                OS_EventTaskWait
                0x00001044                OS_EventTaskRemove
                0x000010e6                OS_EventWaitListInit
                0x000013fe                OS_MemClr
                0x00001446                OS_MemCopy
                0x000014a8                OS_Sched
                0x000015a2                OS_StrCopy
                0x0000160c                OS_StrLen
                0x00001648                OS_TaskIdle
                0x00001690                OS_TCBInit
 .text          0x00001944      0x1de ./src/uCOSII/os_dbg_r.o
 .text          0x00001b22        0x0 ./src/uCOSII/os_flag.o
 .text          0x00001b22        0x0 ./src/uCOSII/os_mbox.o
 .text          0x00001b22        0x0 ./src/uCOSII/os_mem.o
 .text          0x00001b22        0x0 ./src/uCOSII/os_mutex.o
 .text          0x00001b22        0x0 ./src/uCOSII/os_q.o
 .text          0x00001b22      0x718 ./src/uCOSII/os_sem.o
                0x00001b22                OSSemAccept
                0x00001b98                OSSemCreate
                0x00001c4c                OSSemDel
                0x00001df2                OSSemPend
                0x00001f6e                OSSemPendAbort
                0x00002042                OSSemPost
                0x000020dc                OSSemQuery
                0x00002196                OSSemSet
 .text          0x0000223a      0x708 ./src/uCOSII/os_task.o
                0x0000223a                OSTaskCreate
                0x00002364                OSTaskCreateExt
                0x000024aa                OSTaskNameGet
                0x00002584                OSTaskNameSet
                0x00002672                OSTaskResume
                0x0000278e                OSTaskSuspend
                0x000028aa                OSTaskQuery
 .text          0x00002942      0x3ec ./src/uCOSII/os_time.o
                0x00002942                OSTimeDly
                0x00002a04                OSTimeDlyHMSM
                0x00002b5c                OSTimeDlyResume
                0x00002c92                OSTimeGet
                0x00002ce2                OSTimeSet
 .text          0x00002d2e      0xf52 ./src/uCOSII/os_tmr.o
                0x00002d2e                OSTmrCreate
                0x00002e96                OSTmrDel
                0x00002f6a                OSTmrNameGet
                0x00003032                OSTmrRemainGet
                0x00003204                OSTmrStateGet
                0x00003290                OSTmrStart
                0x00003368                OSTmrStop
                0x000034e0                OSTmrSignal
                0x0000363c                OSTmr_Init
 .text          0x00003c80     0x314c ./src/uCOSII/ucos_ii.o
 .text          0x00006dcc      0x8ca ./src/app/lego_interface/lego_interface.o
                0x00006dcc                init_lego_interface
                0x00007038                touch_sensor
                0x0000706c                rotation_sensor
                0x000070a0                light_sensor
                0x000070d4                motor_speed
                0x00007470                brake_motor
                0x0000755a                __vector_32
                0x000075da                __vector_29
 .text          0x00007696      0x354 ./src/app/app.o
                0x00007696                main
                0x000078d4                App_TaskSwHook
                0x000078f8                App_TaskCreateHook
                0x00007912                App_TaskDelHook
                0x0000792c                App_TaskIdleHook
                0x0000793a                App_TaskStatHook
                0x00007948                App_TCBInitHook
                0x00007962                App_TimeTickHook
                0x00007970                LED_show
 .text          0x000079ea      0x198 ./src/app/app_isr.o
                0x000079ea                __vector_21
                0x00007ab6                __vector_1
 .text          0x00007b82      0x524 ./src/app/BSP/bsp.o
                0x00007b82                BSP_Init
                0x00007c36                BSP_Int0_Disable
                0x00007c56                BSP_Int0_Enable
                0x00007c94                SW_in
                0x00007cd8                BSP_TickISR_Handler
                0x00007cea                BSP_Int0ISR_Handler
                0x00007d22                LED_On
                0x00007e44                LED_Off
                0x00007f68                LED_Toggle
 .text          0x000080a6        0x0 /usr/lib/gcc/avr/4.4.3/avr6/libgcc.a(_mulsi3.o)
 .text          0x000080a6        0x0 /usr/lib/gcc/avr/4.4.3/avr6/libgcc.a(_divmodhi4.o)
 .text          0x000080a6        0x0 /usr/lib/gcc/avr/4.4.3/avr6/libgcc.a(_udivmodsi4.o)
 .text          0x000080a6        0x0 /usr/lib/gcc/avr/4.4.3/avr6/libgcc.a(_exit.o)
 .text          0x000080a6        0x0 /usr/lib/gcc/avr/4.4.3/avr6/libgcc.a(_clear_bss.o)
 .text          0x000080a6        0x0 /usr/lib/gcc/avr/4.4.3/avr6/libgcc.a(_udivmodhi4.o)
                0x000080a6                . = ALIGN (0x2)
 *(.text.*)
 .text.libgcc   0x000080a6       0x3e /usr/lib/gcc/avr/4.4.3/avr6/libgcc.a(_mulsi3.o)
                0x000080a6                __mulsi3
 .text.libgcc   0x000080e4       0x26 /usr/lib/gcc/avr/4.4.3/avr6/libgcc.a(_divmodhi4.o)
                0x000080e4                __divmodhi4
                0x000080e4                _div
 .text.libgcc   0x0000810a       0x44 /usr/lib/gcc/avr/4.4.3/avr6/libgcc.a(_udivmodsi4.o)
                0x0000810a                __udivmodsi4
 .text.libgcc   0x0000814e        0x0 /usr/lib/gcc/avr/4.4.3/avr6/libgcc.a(_exit.o)
 .text.libgcc   0x0000814e        0x0 /usr/lib/gcc/avr/4.4.3/avr6/libgcc.a(_clear_bss.o)
 .text.libgcc   0x0000814e       0x28 /usr/lib/gcc/avr/4.4.3/avr6/libgcc.a(_udivmodhi4.o)
                0x0000814e                __udivmodhi4
                0x00008176                . = ALIGN (0x2)
 *(.fini9)
 .fini9         0x00008176        0x0 /usr/lib/gcc/avr/4.4.3/avr6/libgcc.a(_exit.o)
                0x00008176                exit
                0x00008176                _exit
 *(.fini9)
 *(.fini8)
 *(.fini8)
 *(.fini7)
 *(.fini7)
 *(.fini6)
 *(.fini6)
 *(.fini5)
 *(.fini5)
 *(.fini4)
 *(.fini4)
 *(.fini3)
 *(.fini3)
 *(.fini2)
 *(.fini2)
 *(.fini1)
 *(.fini1)
 *(.fini0)
 .fini0         0x00008176        0x4 /usr/lib/gcc/avr/4.4.3/avr6/libgcc.a(_exit.o)
 *(.fini0)
                0x0000817a                _etext = .

.data           0x00800200      0x2d0 load address 0x0000817a
                0x00800200                PROVIDE (__data_start, .)
 *(.data)
 .data          0x00800200        0x0 /usr/lib/gcc/avr/4.4.3/../../../../avr/lib/avr6/crtm2560.o
 .data          0x00800200        0x0 ./src/uCOSII_port/os_cpu_a.o
 .data          0x00800200        0x0 ./src/uCOSII_port/os_cpu_c.o
 .data          0x00800200        0x0 ./src/uCOSII_port/os_cpu_i.o
 .data          0x00800200        0x0 ./src/uCOSII_port/os_dbg.o
 .data          0x00800200      0x10e ./src/uCOSII/os_core.o
                0x00800200                OSUnMapTbl
 .data          0x0080030e       0x70 ./src/uCOSII/os_dbg_r.o
                0x0080031e                OSEventMultiEn
                0x0080036a                OSTmrEn
                0x0080036c                OSTmrCfgMax
                0x0080036e                OSTmrCfgNameSize
                0x00800370                OSTmrCfgWheelSize
                0x00800372                OSTmrCfgTicksPerSec
                0x00800374                OSTmrSize
                0x00800376                OSTmrTblSize
                0x00800378                OSTmrWheelSize
                0x0080037a                OSTmrWheelTblSize
 .data          0x0080037e        0x0 ./src/uCOSII/os_flag.o
 .data          0x0080037e        0x0 ./src/uCOSII/os_mbox.o
 .data          0x0080037e        0x0 ./src/uCOSII/os_mem.o
 .data          0x0080037e        0x0 ./src/uCOSII/os_mutex.o
 .data          0x0080037e        0x0 ./src/uCOSII/os_q.o
 .data          0x0080037e        0x0 ./src/uCOSII/os_sem.o
 .data          0x0080037e        0x0 ./src/uCOSII/os_task.o
 .data          0x0080037e        0x0 ./src/uCOSII/os_time.o
 .data          0x0080037e       0x22 ./src/uCOSII/os_tmr.o
 .data          0x008003a0      0x130 ./src/uCOSII/ucos_ii.o
 .data          0x008004d0        0x0 ./src/app/lego_interface/lego_interface.o
 .data          0x008004d0        0x0 ./src/app/app.o
 .data          0x008004d0        0x0 ./src/app/app_isr.o
 .data          0x008004d0        0x0 ./src/app/BSP/bsp.o
 .data          0x008004d0        0x0 /usr/lib/gcc/avr/4.4.3/avr6/libgcc.a(_mulsi3.o)
 .data          0x008004d0        0x0 /usr/lib/gcc/avr/4.4.3/avr6/libgcc.a(_divmodhi4.o)
 .data          0x008004d0        0x0 /usr/lib/gcc/avr/4.4.3/avr6/libgcc.a(_udivmodsi4.o)
 .data          0x008004d0        0x0 /usr/lib/gcc/avr/4.4.3/avr6/libgcc.a(_exit.o)
 .data          0x008004d0        0x0 /usr/lib/gcc/avr/4.4.3/avr6/libgcc.a(_clear_bss.o)
 .data          0x008004d0        0x0 /usr/lib/gcc/avr/4.4.3/avr6/libgcc.a(_udivmodhi4.o)
 *(.data*)
 *(.rodata)
 *(.rodata*)
 *(.gnu.linkonce.d*)
                0x008004d0                . = ALIGN (0x2)
                0x008004d0                _edata = .
                0x008004d0                PROVIDE (__data_end, .)

.bss            0x008004d0      0xa08
                0x008004d0                PROVIDE (__bss_start, .)
 *(.bss)
 .bss           0x008004d0        0x0 /usr/lib/gcc/avr/4.4.3/../../../../avr/lib/avr6/crtm2560.o
 .bss           0x008004d0        0x0 ./src/uCOSII_port/os_cpu_a.o
 .bss           0x008004d0        0x2 ./src/uCOSII_port/os_cpu_c.o
 .bss           0x008004d2        0x0 ./src/uCOSII_port/os_cpu_i.o
 .bss           0x008004d2        0x0 ./src/uCOSII_port/os_dbg.o
 .bss           0x008004d2        0x0 ./src/uCOSII/os_core.o
 .bss           0x008004d2        0x0 ./src/uCOSII/os_dbg_r.o
 .bss           0x008004d2        0x0 ./src/uCOSII/os_flag.o
 .bss           0x008004d2        0x0 ./src/uCOSII/os_mbox.o
 .bss           0x008004d2        0x0 ./src/uCOSII/os_mem.o
 .bss           0x008004d2        0x0 ./src/uCOSII/os_mutex.o
 .bss           0x008004d2        0x0 ./src/uCOSII/os_q.o
 .bss           0x008004d2        0x0 ./src/uCOSII/os_sem.o
 .bss           0x008004d2        0x0 ./src/uCOSII/os_task.o
 .bss           0x008004d2        0x0 ./src/uCOSII/os_time.o
 .bss           0x008004d2        0x0 ./src/uCOSII/os_tmr.o
 .bss           0x008004d2        0x0 ./src/uCOSII/ucos_ii.o
 .bss           0x008004d2       0x19 ./src/app/lego_interface/lego_interface.o
 .bss           0x008004eb        0x0 ./src/app/app.o
 .bss           0x008004eb        0x0 ./src/app/app_isr.o
 .bss           0x008004eb        0x0 ./src/app/BSP/bsp.o
 .bss           0x008004eb        0x0 /usr/lib/gcc/avr/4.4.3/avr6/libgcc.a(_mulsi3.o)
 .bss           0x008004eb        0x0 /usr/lib/gcc/avr/4.4.3/avr6/libgcc.a(_divmodhi4.o)
 .bss           0x008004eb        0x0 /usr/lib/gcc/avr/4.4.3/avr6/libgcc.a(_udivmodsi4.o)
 .bss           0x008004eb        0x0 /usr/lib/gcc/avr/4.4.3/avr6/libgcc.a(_exit.o)
 .bss           0x008004eb        0x0 /usr/lib/gcc/avr/4.4.3/avr6/libgcc.a(_clear_bss.o)
 .bss           0x008004eb        0x0 /usr/lib/gcc/avr/4.4.3/avr6/libgcc.a(_udivmodhi4.o)
 *(.bss*)
 *(COMMON)
 COMMON         0x008004eb        0x2 ./src/uCOSII_port/os_cpu_c.o
                0x008004eb                OSTaskStkSize
 COMMON         0x008004ed      0x719 ./src/uCOSII/os_core.o
                0x008004ed                OSTmrFreeList
                0x008004ef                OSTmrWheelTbl
                0x0080050f                OSLockNesting
                0x00800510                OSTmrSemSignal
                0x00800512                OSRunning
                0x00800513                OSIdleCtr
                0x00800517                OSTmrUsed
                0x00800519                OSPrioHighRdy
                0x0080051a                OSTmrTbl
                0x0080078a                OSPrioCur
                0x0080078b                OSTCBList
                0x0080078d                OSCtxSwCtr
                0x00800791                OSTmrFree
                0x00800793                OSTCBFreeList
                0x00800795                OSTaskCtr
                0x00800796                OSTCBHighRdy
                0x00800798                OSRdyGrp
                0x00800799                OSRdyTbl
                0x0080079b                OSTmrTaskStk
                0x0080084a                OSEventFreeList
                0x0080084c                OSIntNesting
                0x0080084d                OSTCBCur
                0x0080084f                OSTmrTime
                0x00800853                OSTime
                0x00800857                OSTmrSem
                0x00800859                OSTaskIdleStk
                0x00800908                OSEventTbl
                0x008009f8                OSTCBTbl
                0x00800bf0                OSTCBPrioTbl
 COMMON         0x00800c06      0x2d2 ./src/app/app.o
                0x00800c06                AppTask1Stk
                0x00800cf6                AppTaskStartStk
                0x00800de6                a_sem
                0x00800de8                AppTask2Stk
                0x00800ed8                PROVIDE (__bss_end, .)
                0x0000817a                __data_load_start = LOADADDR (.data)
                0x0000844a                __data_load_end = (__data_load_start + SIZEOF (.data))

.noinit         0x00800ed8        0x0
                0x00800ed8                PROVIDE (__noinit_start, .)
 *(.noinit*)
                0x00800ed8                PROVIDE (__noinit_end, .)
                0x00800ed8                _end = .
                0x00800ed8                PROVIDE (__heap_start, .)

.eeprom         0x00810000        0x0
 *(.eeprom*)
                0x00810000                __eeprom_end = .

.stab           0x00000000      0x768
 *(.stab)
 .stab          0x00000000      0x768 /usr/lib/gcc/avr/4.4.3/../../../../avr/lib/avr6/crtm2560.o

.stabstr        0x00000000       0x54
 *(.stabstr)
 .stabstr       0x00000000       0x54 /usr/lib/gcc/avr/4.4.3/../../../../avr/lib/avr6/crtm2560.o

.stab.excl
 *(.stab.excl)

.stab.exclstr
 *(.stab.exclstr)

.stab.index
 *(.stab.index)

.stab.indexstr
 *(.stab.indexstr)

.comment
 *(.comment)

.debug
 *(.debug)

.line
 *(.line)

.debug_srcinfo
 *(.debug_srcinfo)

.debug_sfnames
 *(.debug_sfnames)

.debug_aranges  0x00000000      0x180
 *(.debug_aranges)
 .debug_aranges
                0x00000000       0x20 ./src/uCOSII_port/os_cpu_c.o
 .debug_aranges
                0x00000020       0x20 ./src/uCOSII_port/os_dbg.o
 .debug_aranges
                0x00000040       0x20 ./src/uCOSII/os_core.o
 .debug_aranges
                0x00000060       0x20 ./src/uCOSII/os_dbg_r.o
 .debug_aranges
                0x00000080       0x20 ./src/uCOSII/os_sem.o
 .debug_aranges
                0x000000a0       0x20 ./src/uCOSII/os_task.o
 .debug_aranges
                0x000000c0       0x20 ./src/uCOSII/os_time.o
 .debug_aranges
                0x000000e0       0x20 ./src/uCOSII/os_tmr.o
 .debug_aranges
                0x00000100       0x20 ./src/uCOSII/ucos_ii.o
 .debug_aranges
                0x00000120       0x20 ./src/app/lego_interface/lego_interface.o
 .debug_aranges
                0x00000140       0x20 ./src/app/app.o
 .debug_aranges
                0x00000160       0x20 ./src/app/BSP/bsp.o

.debug_pubnames
                0x00000000     0x144a
 *(.debug_pubnames)
 .debug_pubnames
                0x00000000       0xdf ./src/uCOSII_port/os_cpu_c.o
 .debug_pubnames
                0x000000df      0x30b ./src/uCOSII_port/os_dbg.o
 .debug_pubnames
                0x000003ea      0x337 ./src/uCOSII/os_core.o
 .debug_pubnames
                0x00000721      0x3c5 ./src/uCOSII/os_dbg_r.o
 .debug_pubnames
                0x00000ae6       0x8a ./src/uCOSII/os_sem.o
 .debug_pubnames
                0x00000b70       0x8e ./src/uCOSII/os_task.o
 .debug_pubnames
                0x00000bfe       0x62 ./src/uCOSII/os_time.o
 .debug_pubnames
                0x00000c60       0xa1 ./src/uCOSII/os_tmr.o
 .debug_pubnames
                0x00000d01      0x50a ./src/uCOSII/ucos_ii.o
 .debug_pubnames
                0x0000120b       0xa0 ./src/app/lego_interface/lego_interface.o
 .debug_pubnames
                0x000012ab       0xf7 ./src/app/app.o
 .debug_pubnames
                0x000013a2       0xa8 ./src/app/BSP/bsp.o

.debug_info     0x00000000     0x6332
 *(.debug_info)
 .debug_info    0x00000000      0x452 ./src/uCOSII_port/os_cpu_c.o
 .debug_info    0x00000452      0x77e ./src/uCOSII_port/os_dbg.o
 .debug_info    0x00000bd0      0xced ./src/uCOSII/os_core.o
 .debug_info    0x000018bd      0x9ea ./src/uCOSII/os_dbg_r.o
 .debug_info    0x000022a7       0x68 ./src/uCOSII/os_flag.o
 .debug_info    0x0000230f       0x68 ./src/uCOSII/os_mbox.o
 .debug_info    0x00002377       0x68 ./src/uCOSII/os_mem.o
 .debug_info    0x000023df       0x68 ./src/uCOSII/os_mutex.o
 .debug_info    0x00002447       0x68 ./src/uCOSII/os_q.o
 .debug_info    0x000024af      0x61c ./src/uCOSII/os_sem.o
 .debug_info    0x00002acb      0x68f ./src/uCOSII/os_task.o
 .debug_info    0x0000315a      0x492 ./src/uCOSII/os_time.o
 .debug_info    0x000035ec      0x982 ./src/uCOSII/os_tmr.o
 .debug_info    0x00003f6e     0x19b5 ./src/uCOSII/ucos_ii.o
 .debug_info    0x00005923      0x244 ./src/app/lego_interface/lego_interface.o
 .debug_info    0x00005b67      0x50f ./src/app/app.o
 .debug_info    0x00006076      0x2bc ./src/app/BSP/bsp.o
 *(.gnu.linkonce.wi.*)

.debug_abbrev   0x00000000     0x11d6
 *(.debug_abbrev)
 .debug_abbrev  0x00000000      0x16a ./src/uCOSII_port/os_cpu_c.o
 .debug_abbrev  0x0000016a       0xe3 ./src/uCOSII_port/os_dbg.o
 .debug_abbrev  0x0000024d      0x1ea ./src/uCOSII/os_core.o
 .debug_abbrev  0x00000437       0xf3 ./src/uCOSII/os_dbg_r.o
 .debug_abbrev  0x0000052a       0x33 ./src/uCOSII/os_flag.o
 .debug_abbrev  0x0000055d       0x33 ./src/uCOSII/os_mbox.o
 .debug_abbrev  0x00000590       0x33 ./src/uCOSII/os_mem.o
 .debug_abbrev  0x000005c3       0x33 ./src/uCOSII/os_mutex.o
 .debug_abbrev  0x000005f6       0x33 ./src/uCOSII/os_q.o
 .debug_abbrev  0x00000629      0x15f ./src/uCOSII/os_sem.o
 .debug_abbrev  0x00000788      0x160 ./src/uCOSII/os_task.o
 .debug_abbrev  0x000008e8      0x146 ./src/uCOSII/os_time.o
 .debug_abbrev  0x00000a2e      0x1ae ./src/uCOSII/os_tmr.o
 .debug_abbrev  0x00000bdc      0x210 ./src/uCOSII/ucos_ii.o
 .debug_abbrev  0x00000dec      0x108 ./src/app/lego_interface/lego_interface.o
 .debug_abbrev  0x00000ef4      0x18a ./src/app/app.o
 .debug_abbrev  0x0000107e      0x158 ./src/app/BSP/bsp.o

.debug_line     0x00000000     0x5cf7
 *(.debug_line)
 .debug_line    0x00000000      0x33e ./src/uCOSII_port/os_cpu_c.o
 .debug_line    0x0000033e      0x25c ./src/uCOSII_port/os_dbg.o
 .debug_line    0x0000059a      0xacd ./src/uCOSII/os_core.o
 .debug_line    0x00001067      0x2b9 ./src/uCOSII/os_dbg_r.o
 .debug_line    0x00001320       0x41 ./src/uCOSII/os_flag.o
 .debug_line    0x00001361       0x41 ./src/uCOSII/os_mbox.o
 .debug_line    0x000013a2       0x41 ./src/uCOSII/os_mem.o
 .debug_line    0x000013e3       0x41 ./src/uCOSII/os_mutex.o
 .debug_line    0x00001424       0x41 ./src/uCOSII/os_q.o
 .debug_line    0x00001465      0x687 ./src/uCOSII/os_sem.o
 .debug_line    0x00001aec      0x5e3 ./src/uCOSII/os_task.o
 .debug_line    0x000020cf      0x31a ./src/uCOSII/os_time.o
 .debug_line    0x000023e9      0xac1 ./src/uCOSII/os_tmr.o
 .debug_line    0x00002eaa     0x21cc ./src/uCOSII/ucos_ii.o
 .debug_line    0x00005076      0x53b ./src/app/lego_interface/lego_interface.o
 .debug_line    0x000055b1      0x299 ./src/app/app.o
 .debug_line    0x0000584a      0x4ad ./src/app/BSP/bsp.o

.debug_frame    0x00000000      0xb90
 *(.debug_frame)
 .debug_frame   0x00000000       0xb0 ./src/uCOSII_port/os_cpu_c.o
 .debug_frame   0x000000b0       0x20 ./src/uCOSII_port/os_dbg.o
 .debug_frame   0x000000d0      0x1c0 ./src/uCOSII/os_core.o
 .debug_frame   0x00000290       0x20 ./src/uCOSII/os_dbg_r.o
 .debug_frame   0x000002b0       0x90 ./src/uCOSII/os_sem.o
 .debug_frame   0x00000340       0x80 ./src/uCOSII/os_task.o
 .debug_frame   0x000003c0       0x60 ./src/uCOSII/os_time.o
 .debug_frame   0x00000420      0x120 ./src/uCOSII/os_tmr.o
 .debug_frame   0x00000540      0x410 ./src/uCOSII/ucos_ii.o
 .debug_frame   0x00000950       0x90 ./src/app/lego_interface/lego_interface.o
 .debug_frame   0x000009e0       0xe0 ./src/app/app.o
 .debug_frame   0x00000ac0       0xd0 ./src/app/BSP/bsp.o

.debug_str      0x00000000     0x1018
 *(.debug_str)
 .debug_str     0x00000000      0x2d9 ./src/uCOSII_port/os_cpu_c.o
                                0x30d (size before relaxing)
 .debug_str     0x000002d9      0x342 ./src/uCOSII_port/os_dbg.o
                                0x572 (size before relaxing)
 .debug_str     0x0000061b      0x32f ./src/uCOSII/os_core.o
                                0x653 (size before relaxing)
 .debug_str     0x0000094a       0xab ./src/uCOSII/os_dbg_r.o
                                0x734 (size before relaxing)
 .debug_str     0x000009f5       0x18 ./src/uCOSII/os_flag.o
                                 0xbf (size before relaxing)
 .debug_str     0x00000a0d       0x18 ./src/uCOSII/os_mbox.o
                                 0xbf (size before relaxing)
 .debug_str     0x00000a25       0x17 ./src/uCOSII/os_mem.o
                                 0xbe (size before relaxing)
 .debug_str     0x00000a3c       0x19 ./src/uCOSII/os_mutex.o
                                 0xc0 (size before relaxing)
 .debug_str     0x00000a55       0x15 ./src/uCOSII/os_q.o
                                 0xbc (size before relaxing)
 .debug_str     0x00000a6a       0xc6 ./src/uCOSII/os_sem.o
                                0x35a (size before relaxing)
 .debug_str     0x00000b30       0x89 ./src/uCOSII/os_task.o
                                0x349 (size before relaxing)
 .debug_str     0x00000bb9       0x76 ./src/uCOSII/os_time.o
                                0x2fd (size before relaxing)
 .debug_str     0x00000c2f      0x13a ./src/uCOSII/os_tmr.o
                                0x4c8 (size before relaxing)
 .debug_str     0x00000d69       0x18 ./src/uCOSII/ucos_ii.o
                                0x8ff (size before relaxing)
 .debug_str     0x00000d81       0xee ./src/app/lego_interface/lego_interface.o
                                0x1b9 (size before relaxing)
 .debug_str     0x00000e6f       0xe3 ./src/app/app.o
                                0x34b (size before relaxing)
 .debug_str     0x00000f52       0xc6 ./src/app/BSP/bsp.o
                                0x1e7 (size before relaxing)

.debug_loc
 *(.debug_loc)

.debug_macinfo
 *(.debug_macinfo)
OUTPUT(Micro_OSII_ATMEGA256x.elf elf32-avr)
LOAD linker stubs
